default log level=4
[ak_vi_match_sensor:849] config_file: /etc/jffs2/
[1;33m[isp.conf]version: 3V4_010601, sensor id: 0x1084, style id: 0
[m[isp.conf]modify time: 2023-1-6 09:58:22
[check_file:347] check isp cfg: /etc/jffs2/isp_gc1084.conf OK
[1;33m[match_all_config:204] /etc/jffs2/isp_gc1084.conf match ok
[m[1;33m[ak_vi_open:890] register device, dev type: 0
[mnew device
[vi_register_device:685] new dev=0x14008
[1;33m
----- libakuio.so V3.1.01 -----
[m[libakuio][/dev/ion] kernel config reserve mem size: 25165824, 0x1800000

[libakuio]ION: alloc 25165824 bytes for process 8637
[libakuio]ION: yield 5 for iad 0xb6f6cb78, len: 25165824

--------------- pmem info ---------------
    PMEM_GET_TOTAL_SIZE: 25165824 bytes
    PMEM_GET_PHYS: 0x80000000
    pmem.vaddr: 0xb500f000
--------------- info End ---------------

####akuio pmem init success###

ispsdk_lib version:V3.1.00 
--- AK_ISP_sdk_init g_fd=8 ---
hight light:
	frame_rate=15 max_exp_time=1500 low_light_gain=24
low light:
	frame_rate=15 max_exp_time=1500 light_gain=24
hight light fps: 15
[1;33m[isp_set_sensor_fps:1859] set sensor fps: 15
[m[1;33m[set_fps:185] set fps:15 ok
[mregister vi device ok, dev_count=1
[1;33m[ak_vi_open:900] register device OK, pdev: 0x14008
[m[1;33m[vi_new_user:490] now user_flg=0, user_ref=1
[msensor resolution height:720, width:1280.
[load_def_awb_step:205] get awb_attr ok, auto_awb_step:30
hight light:
	frame_rate=15 max_exp_time=1500 low_light_gain=24
low light:
	frame_rate=15 max_exp_time=1500 light_gain=24
hight light fps: 15
[1;33m[change_fps_pthread:714] thread id: 8638
[m[1;33m[isp_set_sensor_fps:1859] set sensor fps: 15
[m[1;33m[set_fps:185] set fps:15 ok
[minit CROP succeedded! reset to CROP[1280, 720]
[1;33m[ak_rtsp_vi_init:197] start capture ...
[m[1;33m[malloc_capture_buffers:115] ion_mem: 0xb5393000, temp: 0x80384000
[m[1;33m[malloc_capture_buffers:122] n_buffers: 0, start: 0xb5393000, length: 2306048
[m[1;33m[malloc_capture_buffers:122] n_buffers: 1, start: 0xb55c6000, length: 2306048
[m[1;33m[malloc_capture_buffers:122] n_buffers: 2, start: 0xb57f9000, length: 2306048
[m[1;33m[malloc_capture_buffers:122] n_buffers: 3, start: 0xb5a2c000, length: 2306048
[m[malloc_capture_buffers:128] set buffer size: 2306048 ok
[1;33m[isp_vi_capture_on:719] stream on, drop first 4 frames
[m[1;33mvi init ok
[m[0m[00:00:00.005|debug2| Thread ] [0mCreated Thread(ID: 1, Nick: _buffer_aenc).
[0m[00:00:00.007|debug2| Thread ] [0mCreated Thread(ID: 2, Nick: _buffer_venc).
[0m[00:00:00.008|debug2| Thread ] [0mCreated Thread(ID: 3, Nick: _buffer_venc).
[0m[00:00:00.010|debug2| Thread ] [0mCreated Thread(ID: 4, Nick: tosser).
[32m[00:00:00.010|  info| tosser ] [0mAdd Sink Named "rtsp_server".
[32m[00:00:00.010|  info| tosser ] [0mAdd Sink Named "http_server".
[0m[00:00:00.012|debug2| Thread ] [0mEnter Thread(ID: 1, Nick: _buffer_aenc).
[1;33m[ak_rb_init:37] init rb_size=16384 ring buffer OK
[m[0m[00:00:00.013|debug2| Thread ] [0mEnter Thread(ID: 2, Nick: _buffer_venc).
[ak_venc_open:1833] init enc_grp=1, enc_mode=0
[1;33m[ak_ai_set_aec:1860] switch AEC from 0 to 1
[m[0m[00:00:00.018|debug2| Thread ] [0mEnter Thread(ID: 3, Nick: _buffer_venc).
[ak_venc_open:1833] init enc_grp=2, enc_mode=0
[0m[00:00:00.018|debug2| Thread ] [0mEnter Thread(ID: 4, Nick: tosser).
[32m[00:00:00.019|  info| tosser ] [0mEnter Listener( Port = 554 ).
[1;33m[pcm_set_source:220] set ai source to MIC
[m[1;33m[set_h264_encode_param:374] main profile
[mH.264 params:
	w=640, h=480, qpMin=20, qpMax=51,bps=204800, gop=50, fps=25
[1;33m[ak_ai_set_frame_interval:1579] audio frame_size=640
[m[1;40;32m***********************************************
[0m[1;40;32m*                  RTSP LINK                  *
[0m[1;40;32m***********************************************
[0m[1;40;32m* MAIN CHANNEL : rtsp://192.168.114.53:554/vs0
[0m[1;40;32m* SUB CHANNEL  : rtsp://192.168.114.53:554/vs1
[0m[1;40;32m***********************************************
[0m[1;40;32m***********************************************
[0m[1;40;32m*                  Muhammed Kalkan            *
[0m[1;40;32m***********************************************
[0m[1;40;32m* Repo : https://github.com/MuhammedKalkan     
[0m[1;40;32m***********************************************
[0m[1;33minit rtsp, ret: 0
[m
--VIDAK39--Enc AK39 Encoder Lib V1.10.07--

[1;33m[set_h264_encode_param:374] main profile
[mH.264 params:
	w=1280, h=720, qpMin=20, qpMax=51,bps=2048000, gop=50, fps=25

--VIDAK39--Enc AK39 Encoder Lib V1.10.07--

--AudioCodec Version V1.16.00_svn5418--
## ChipIdval = 0x20150200
## CHIP OK
## G711 encode open, type=17
ak_aenc_open OK
[photosensitive_switch_th_ex:324] Thread start, id: 8643
[1;33mprev_state=-1, ir_val=1
[m[1;33mnow set to day
[m[set_channel_rc:550] CBR video mode: 80
[set_channel_rc:550] CBR video mode: 80
[1;33m[pcm_set_aec_agc:267] cur_aec_switch=1, prepare_flag=1
[m[set_encode_br_mode:509] set chn 0 br: CBR, 2
[isp_switch:152] switching isp mode -> day
[ak_venc_open:1913] allocating type=1, enc_mode=1, enc_handle: 0x4c4d8

[set_encode_br_mode:509] set chn 0 br: CBR, 2
[ak_venc_open:1913] allocating type=2, enc_mode=1, enc_handle: 0x4c6f0

[1;33m[ak_venc_request_stream:2544] user's id=0, req_ref=1, grp_type=2, enc_mode=1
[m[ak_venc_request_stream:2546] vi_handle=0x14098, enc_handle=0x4c6f0
[1;33m[ak_venc_request_stream:2555] encode_frames=25, record.fps=25, capture_frames=15
[m[1;33m[ak_venc_request_stream:2569] new_handle=0x47488, grp_type=2, enc_mode=2, req_grp_nr=1
[m[ak_venc_request_stream:2576] init thread list
[1;33m[pcm_set_aec_agc:273] *** enable AEC ***
[m[1;33m[ak_venc_request_stream:2544] user's id=0, req_ref=1, grp_type=1, enc_mode=1
[m[ak_venc_request_stream:2546] vi_handle=0x14098, enc_handle=0x4c4d8
[1;33m[ak_venc_request_stream:2555] encode_frames=25, record.fps=25, capture_frames=15
[m[1;33m[ak_venc_request_stream:2569] new_handle=0x7f760, grp_type=1, enc_mode=2, req_grp_nr=2
[m[ak_venc_request_stream:2576] init thread list
[1;33m[pcm_set_aec_agc:281] *** enable NR&AGC ***
[m[1;33m[isp.conf]version: 3V4_010601, sensor id: 0x1084, style id: 0
[m[isp.conf]modify time: 2023-1-6 09:58:22
[check_file:347] check isp cfg: /etc/jffs2/isp_gc1084.conf OK
[ak_venc_request_stream:2583] grp_type=2, request OK, enc_mode=2
[capture_thread:1416] start to capture, thread id: 8645
[1;33m[capture_thread:1421] capture thread sleep...
[m[start_service_work:1771] create capture_thread, tid=3033052368
[capture_pcm_thread:1052] thread id: 8646
[encode_thread:1678] start to encode, thread id: 8647
[start_service_work:1775] create encode_thread, tid=3032745168
[1;33m[capture_thread:1424] capture thread wakeup...
[m[capture_encode_frame:1363] cap_run=1, req_grp_nr=2
[1;33m[isp_vi_get_frame:842] capture on --> real get frame time=374
[m[1;31m
[ak_vi_get_frame:1373] get frame failed
[m[capture_pcm_thread:1062] sleep...
[capture_pcm_thread:1064] wakup...
[start_service_work:1783] service start

[ak_venc_request_stream:2583] grp_type=1, request OK, enc_mode=2
[1;33m[isp_vi_get_frame:842] capture on --> real get frame time=387
[m[1;31m
[ak_vi_get_frame:1373] get frame failed
[mhight light:
	frame_rate=15 max_exp_time=1500 low_light_gain=24
low light:
	frame_rate=15 max_exp_time=1500 light_gain=24
hight light fps: 15
[1;33m[isp_set_sensor_fps:1859] set sensor fps: 15
[m[1;33m[isp_vi_get_frame:842] capture on --> real get frame time=402
[m[1;31m
[ak_vi_get_frame:1373] get frame failed
[m[1;33m[set_fps:185] set fps:15 ok
[mhight light:
	frame_rate=15 max_exp_time=1500 low_light_gain=24
[smooth_ts:1201] init smooth_index=109008
low light:
	frame_rate=15 max_exp_time=1500 light_gain=24
hight light fps: 15
[1;33m[isp_set_sensor_fps:1859] set sensor fps: 15
[m[smooth_ts:1201] init smooth_index=109008
[1;33m[set_fps:185] set fps:15 ok
[m[load_def_awb_step:205] get awb_attr ok, auto_awb_step:30
[1;33m[read_pcm_data:971] we had dropped the first 360 ms audio data
[m[1;33m[mark_ts_to_data:908] *** we get the first audio, ts=7267622, time=449 ***

[m[1;33m[check_work_scene_changed:1451] current work scene=1, outdoor
[m[1;33m[check_work_scene_changed:1451] current work scene=1, outdoor
[m[37m[00:00:01.617| debug| tosser ] [0mAccept Connection( IP = 192.168.114.184, Port = 35106 ).
[0m[00:00:01.620|debug2| Thread ] [0mCreated Thread(ID: 5, Nick: tosser_sunk00).
[0m[00:00:01.627|debug2| Thread ] [0mEnter Thread(ID: 5, Nick: tosser_sunk00).
[32m[00:00:01.628|  info| tosser ] [0mEnter Sunk( Thread = tosser_sunk00 ).
>>>>>>>>>>>>>>>>>>>>
DESCRIBE rtsp://192.168.114.53:554/vs0 RTSP/1.0
CSeq: 2
User-Agent: SuperClient.TVT
Accept: application/sdp


>
<<<<<<<<<<<<<<<<<<<<
RTSP/1.0 200 OK
Content-Type: application/sdp
Content-Base: rtsp://192.168.114.53:554/vs0/
Content-Length: 349
CSeq: 2

v=0
o=- 1 1 IN IP4 192.168.114.184
s=/vs0
i=luo_zhanzhao
c=IN IP4 192.168.114.53
t=0 0
a=control:*
a=range:npt=0-
m=video 0 RTP/AVP 96
a=rtpmap:96 H264/90000
a=fmtp:96 sprop-parameter-sets=J03gKI1oBQBboQAAAwABAAADADIPFCKg,KO4C0kg=
a=recvonly
a=control:camera
m=audio 0 RTP/AVP 8
a=rtpmap:8 PCMA/8000/1
a=recvonly
a=control:micphone

<
>>>>>>>>>>>>>>>>>>>>
TEARDOWN rtsp://192.168.114.53:554/vs0 RTSP/1.0
CSeq: 3
User-Agent: SuperClient.TVT
Session: 


>
<<<<<<<<<<<<<<<<<<<<
RTSP/1.0 200 OK
CSeq: 3


<
[32m[00:00:01.744|  info| tosser ] [0mLeave Sunk( Thread = tosser_sunk00 ).
[0m[00:00:01.744|debug2| Thread ] [0mLeave Thread(ID: 5, Nick: tosser_sunk00).
[37m[00:00:01.806| debug| tosser ] [0mAccept Connection( IP = 192.168.114.184, Port = 35107 ).
[0m[00:00:01.808|debug2| Thread ] [0mCreated Thread(ID: 6, Nick: tosser_sunk00).
[0m[00:00:01.816|debug2| Thread ] [0mEnter Thread(ID: 6, Nick: tosser_sunk00).
[32m[00:00:01.816|  info| tosser ] [0mEnter Sunk( Thread = tosser_sunk00 ).
>>>>>>>>>>>>>>>>>>>>
OPTIONS rtsp://192.168.114.53:554/vs1 RTSP/1.0
CSeq: 2
User-Agent: SuperClient.TVT


>
<<<<<<<<<<<<<<<<<<<<
RTSP/1.0 200 OK
Public: SETUP,OPTIONS,DESCRIBE,PLAY,TEARDOWN,GET_PARAMETER,SET_PARAMETER
CSeq: 2


<
>>>>>>>>>>>>>>>>>>>>
DESCRIBE rtsp://192.168.114.53:554/vs1 RTSP/1.0
CSeq: 3
User-Agent: SuperClient.TVT
Accept: application/sdp


>
<<<<<<<<<<<<<<<<<<<<
RTSP/1.0 200 OK
Content-Type: application/sdp
Content-Base: rtsp://192.168.114.53:554/vs1/
Content-Length: 349
CSeq: 3

v=0
o=- 2 1 IN IP4 192.168.114.184
s=/vs1
i=luo_zhanzhao
c=IN IP4 192.168.114.53
t=0 0
a=control:*
a=range:npt=0-
m=video 0 RTP/AVP 96
a=rtpmap:96 H264/90000
a=fmtp:96 sprop-parameter-sets=J03gKI1oCgPaEAAAAwAQAAADAyDxQio=,KO4BNJI=
a=recvonly
a=control:camera
m=audio 0 RTP/AVP 8
a=rtpmap:8 PCMA/8000/1
a=recvonly
a=control:micphone

<
>>>>>>>>>>>>>>>>>>>>
SETUP rtsp://192.168.114.53:554/vs1/camera RTSP/1.0
CSeq: 4
User-Agent: SuperClient.TVT
Transport: RTP/AVP/TCP;unicast;interleaved=0-1


>
<<<<<<<<<<<<<<<<<<<<
RTSP/1.0 200 OK
Transport: RTP/AVP/TCP;unicast;interleaved=0-1;ssrc=1970
CSeq: 4
Session: 00000002; timeout=60


<
>>>>>>>>>>>>>>>>>>>>
SETUP rtsp://192.168.114.53:554/vs1/micphone RTSP/1.0
CSeq: 5
User-Agent: SuperClient.TVT
Transport: RTP/AVP/TCP;unicast;interleaved=2-3
Session: 00000002


>
<<<<<<<<<<<<<<<<<<<<
RTSP/1.0 200 OK
Transport: RTP/AVP/TCP;unicast;interleaved=2-3;ssrc=2034
CSeq: 5
Session: 00000002; timeout=60


<
>>>>>>>>>>>>>>>>>>>>
PLAY rtsp://192.168.114.53:554/vs1 RTSP/1.0
CSeq: 6
User-Agent: SuperClient.TVT
Session: 00000002
Range: npt=0.000-


>
<<<<<<<<<<<<<<<<<<<<
RTSP/1.0 200 OK
Range: npt=0.000-
CSeq: 6
Session: 00000002; timeout=60


<
[0m[00:00:02.089|debug2| Thread ] [0mCreated Thread(ID: 7, Nick: __rtsp_sender).
[0m[00:00:02.092|debug2| Thread ] [0mEnter Thread(ID: 7, Nick: __rtsp_sender).
[37m[00:00:02.162| debug| tosser ] [0mAccept Connection( IP = 192.168.114.184, Port = 35108 ).
[0m[00:00:02.164|debug2| Thread ] [0mCreated Thread(ID: 8, Nick: tosser_sunk01).
[0m[00:00:02.168|debug2| Thread ] [0mEnter Thread(ID: 8, Nick: tosser_sunk01).
[32m[00:00:02.168|  info| tosser ] [0mEnter Sunk( Thread = tosser_sunk01 ).
>>>>>>>>>>>>>>>>>>>>
OPTIONS rtsp://192.168.114.53:554/vs0 RTSP/1.0
CSeq: 2
User-Agent: SuperClient.TVT


>
<<<<<<<<<<<<<<<<<<<<
RTSP/1.0 200 OK
Public: SETUP,OPTIONS,DESCRIBE,PLAY,TEARDOWN,GET_PARAMETER,SET_PARAMETER
CSeq: 2


<
>>>>>>>>>>>>>>>>>>>>
DESCRIBE rtsp://192.168.114.53:554/vs0 RTSP/1.0
CSeq: 3
User-Agent: SuperClient.TVT
Accept: application/sdp


>
<<<<<<<<<<<<<<<<<<<<
RTSP/1.0 200 OK
Content-Type: application/sdp
Content-Base: rtsp://192.168.114.53:554/vs0/
Content-Length: 349
CSeq: 3

v=0
o=- 3 1 IN IP4 192.168.114.184
s=/vs0
i=luo_zhanzhao
c=IN IP4 192.168.114.53
t=0 0
a=control:*
a=range:npt=0-
m=video 0 RTP/AVP 96
a=rtpmap:96 H264/90000
a=fmtp:96 sprop-parameter-sets=J03gKI1oBQBboQAAAwABAAADADIPFCKg,KO4C0kg=
a=recvonly
a=control:camera
m=audio 0 RTP/AVP 8
a=rtpmap:8 PCMA/8000/1
a=recvonly
a=control:micphone

<
>>>>>>>>>>>>>>>>>>>>
SETUP rtsp://192.168.114.53:554/vs0/camera RTSP/1.0
CSeq: 4
User-Agent: SuperClient.TVT
Transport: RTP/AVP/TCP;unicast;interleaved=0-1


>
<<<<<<<<<<<<<<<<<<<<
RTSP/1.0 200 OK
Transport: RTP/AVP/TCP;unicast;interleaved=0-1;ssrc=2334
CSeq: 4
Session: 00000003; timeout=60


<
>>>>>>>>>>>>>>>>>>>>
SETUP rtsp://192.168.114.53:554/vs0/micphone RTSP/1.0
CSeq: 5
User-Agent: SuperClient.TVT
Transport: RTP/AVP/TCP;unicast;interleaved=2-3
Session: 00000003


>
<<<<<<<<<<<<<<<<<<<<
RTSP/1.0 200 OK
Transport: RTP/AVP/TCP;unicast;interleaved=2-3;ssrc=2379
CSeq: 5
Session: 00000003; timeout=60


<
>>>>>>>>>>>>>>>>>>>>
PLAY rtsp://192.168.114.53:554/vs0 RTSP/1.0
CSeq: 6
User-Agent: SuperClient.TVT
Session: 00000003
Range: npt=0.000-


>
<<<<<<<<<<<<<<<<<<<<
RTSP/1.0 200 OK
Range: npt=0.000-
CSeq: 6
Session: 00000003; timeout=60


<
[0m[00:00:02.436|debug2| Thread ] [0mCreated Thread(ID: 9, Nick: __rtsp_sender).
[0m[00:00:02.445|debug2| Thread ] [0mEnter Thread(ID: 9, Nick: __rtsp_sender).
[reload_config_awb_step:225] get awb_attr ok, cur auto_awb_step:10, set to step:30
[37m[00:00:04.314| debug| tosser ] [0mAccept Connection( IP = 192.168.114.184, Port = 35110 ).
[0m[00:00:04.316|debug2| Thread ] [0mCreated Thread(ID: 10, Nick: tosser_sunk02).
[0m[00:00:04.324|debug2| Thread ] [0mEnter Thread(ID: 10, Nick: tosser_sunk02).
[32m[00:00:04.325|  info| tosser ] [0mEnter Sunk( Thread = tosser_sunk02 ).
[33m[00:00:05.326|  warn| tosser ] [0mRead Timeout.
[32m[00:00:05.333|  info| tosser ] [0mLeave Sunk( Thread = tosser_sunk02 ).
[0m[00:00:05.333|debug2| Thread ] [0mLeave Thread(ID: 10, Nick: tosser_sunk02).
[33m[00:00:08.882|  warn|        ] [0m"akae_h264utils.c:60" Condition ( "len > sizeof(_SHORT_START_CODE)" ) Failed.
[33m[00:00:08.884|  warn|        ] [0m"akae_h264utils.c:60" Condition ( "len > sizeof(_SHORT_START_CODE)" ) Failed.
[37m[00:00:09.383| debug| tosser ] [0mAccept Connection( IP = 192.168.114.184, Port = 35115 ).
[0m[00:00:09.384|debug2| Thread ] [0mCreated Thread(ID: 11, Nick: tosser_sunk02).
[0m[00:00:09.396|debug2| Thread ] [0mEnter Thread(ID: 11, Nick: tosser_sunk02).
[32m[00:00:09.397|  info| tosser ] [0mEnter Sunk( Thread = tosser_sunk02 ).
[33m[00:00:10.398|  warn| tosser ] [0mRead Timeout.
[32m[00:00:10.407|  info| tosser ] [0mLeave Sunk( Thread = tosser_sunk02 ).
[0m[00:00:10.415|debug2| Thread ] [0mLeave Thread(ID: 11, Nick: tosser_sunk02).
[37m[00:00:15.971| debug| tosser ] [0mAccept Connection( IP = 192.168.114.184, Port = 35121 ).
[0m[00:00:15.975|debug2| Thread ] [0mCreated Thread(ID: 12, Nick: tosser_sunk02).
[0m[00:00:15.980|debug2| Thread ] [0mEnter Thread(ID: 12, Nick: tosser_sunk02).
[32m[00:00:15.980|  info| tosser ] [0mEnter Sunk( Thread = tosser_sunk02 ).
[33m[00:00:16.987|  warn| tosser ] [0mRead Timeout.
[32m[00:00:16.989|  info| tosser ] [0mLeave Sunk( Thread = tosser_sunk02 ).
[0m[00:00:16.990|debug2| Thread ] [0mLeave Thread(ID: 12, Nick: tosser_sunk02).
[37m[00:00:21.848| debug| tosser ] [0mAccept Connection( IP = 192.168.114.184, Port = 35126 ).
[0m[00:00:21.856|debug2| Thread ] [0mCreated Thread(ID: 13, Nick: tosser_sunk02).
[0m[00:00:21.874|debug2| Thread ] [0mEnter Thread(ID: 13, Nick: tosser_sunk02).
[32m[00:00:21.875|  info| tosser ] [0mEnter Sunk( Thread = tosser_sunk02 ).
[33m[00:00:22.876|  warn| tosser ] [0mRead Timeout.
[32m[00:00:22.878|  info| tosser ] [0mLeave Sunk( Thread = tosser_sunk02 ).
[0m[00:00:22.878|debug2| Thread ] [0mLeave Thread(ID: 13, Nick: tosser_sunk02).
[33m[00:00:25.756|  warn|        ] [0m"akae_h264utils.c:60" Condition ( "len > sizeof(_SHORT_START_CODE)" ) Failed.
[33m[00:00:25.829|  warn|        ] [0m"akae_h264utils.c:60" Condition ( "len > sizeof(_SHORT_START_CODE)" ) Failed.
[37m[00:00:27.859| debug| tosser ] [0mAccept Connection( IP = 192.168.114.184, Port = 35132 ).
[0m[00:00:27.860|debug2| Thread ] [0mCreated Thread(ID: 14, Nick: tosser_sunk02).
[0m[00:00:27.864|debug2| Thread ] [0mEnter Thread(ID: 14, Nick: tosser_sunk02).
[32m[00:00:27.864|  info| tosser ] [0mEnter Sunk( Thread = tosser_sunk02 ).
[33m[00:00:28.866|  warn| tosser ] [0mRead Timeout.
[32m[00:00:28.867|  info| tosser ] [0mLeave Sunk( Thread = tosser_sunk02 ).
[0m[00:00:28.867|debug2| Thread ] [0mLeave Thread(ID: 14, Nick: tosser_sunk02).
[37m[00:00:33.635| debug| tosser ] [0mAccept Connection( IP = 192.168.114.184, Port = 35137 ).
[0m[00:00:33.636|debug2| Thread ] [0mCreated Thread(ID: 15, Nick: tosser_sunk02).
[0m[00:00:33.644|debug2| Thread ] [0mEnter Thread(ID: 15, Nick: tosser_sunk02).
[32m[00:00:33.644|  info| tosser ] [0mEnter Sunk( Thread = tosser_sunk02 ).
[33m[00:00:34.646|  warn| tosser ] [0mRead Timeout.
[32m[00:00:34.649|  info| tosser ] [0mLeave Sunk( Thread = tosser_sunk02 ).
[0m[00:00:34.649|debug2| Thread ] [0mLeave Thread(ID: 15, Nick: tosser_sunk02).
[37m[00:00:39.695| debug| tosser ] [0mAccept Connection( IP = 192.168.114.184, Port = 35143 ).
[0m[00:00:39.695|debug2| Thread ] [0mCreated Thread(ID: 16, Nick: tosser_sunk02).
[0m[00:00:39.696|debug2| Thread ] [0mEnter Thread(ID: 16, Nick: tosser_sunk02).
[32m[00:00:39.696|  info| tosser ] [0mEnter Sunk( Thread = tosser_sunk02 ).
[33m[00:00:40.702|  warn| tosser ] [0mRead Timeout.
[32m[00:00:40.703|  info| tosser ] [0mLeave Sunk( Thread = tosser_sunk02 ).
[0m[00:00:40.705|debug2| Thread ] [0mLeave Thread(ID: 16, Nick: tosser_sunk02).
[37m[00:00:45.759| debug| tosser ] [0mAccept Connection( IP = 192.168.114.184, Port = 35148 ).
[0m[00:00:45.760|debug2| Thread ] [0mCreated Thread(ID: 17, Nick: tosser_sunk02).
[0m[00:00:45.760|debug2| Thread ] [0mEnter Thread(ID: 17, Nick: tosser_sunk02).
[32m[00:00:45.761|  info| tosser ] [0mEnter Sunk( Thread = tosser_sunk02 ).
[33m[00:00:46.762|  warn| tosser ] [0mRead Timeout.
[32m[00:00:46.764|  info| tosser ] [0mLeave Sunk( Thread = tosser_sunk02 ).
[0m[00:00:46.765|debug2| Thread ] [0mLeave Thread(ID: 17, Nick: tosser_sunk02).
[37m[00:00:51.885| debug| tosser ] [0mAccept Connection( IP = 192.168.114.184, Port = 35154 ).
[0m[00:00:51.886|debug2| Thread ] [0mCreated Thread(ID: 18, Nick: tosser_sunk02).
[0m[00:00:51.908|debug2| Thread ] [0mEnter Thread(ID: 18, Nick: tosser_sunk02).
[32m[00:00:51.909|  info| tosser ] [0mEnter Sunk( Thread = tosser_sunk02 ).
[33m[00:00:52.910|  warn| tosser ] [0mRead Timeout.
[32m[00:00:52.911|  info| tosser ] [0mLeave Sunk( Thread = tosser_sunk02 ).
[0m[00:00:52.912|debug2| Thread ] [0mLeave Thread(ID: 18, Nick: tosser_sunk02).
>>>>>>>>>>>>>>>>>>>>
GET_PARAMETER rtsp://192.168.114.53:554/vs0 RTSP/1.0
CSeq: 7
User-Agent: SuperClient.TVT
Session: 00000003


>
<<<<<<<<<<<<<<<<<<<<
RTSP/1.0 200 OK
CSeq: 7
Session: 00000003; timeout=60


<
>>>>>>>>>>>>>>>>>>>>
GET_PARAMETER rtsp://192.168.114.53:554/vs1 RTSP/1.0
CSeq: 7
User-Agent: SuperClient.TVT
Session: 00000002


>
<<<<<<<<<<<<<<<<<<<<
RTSP/1.0 200 OK
CSeq: 7
Session: 00000002; timeout=60


<
[37m[00:00:58.299| debug| tosser ] [0mAccept Connection( IP = 192.168.114.184, Port = 35159 ).
[0m[00:00:58.299|debug2| Thread ] [0mCreated Thread(ID: 19, Nick: tosser_sunk02).
[0m[00:00:58.306|debug2| Thread ] [0mEnter Thread(ID: 19, Nick: tosser_sunk02).
[32m[00:00:58.329|  info| tosser ] [0mEnter Sunk( Thread = tosser_sunk02 ).
[33m[00:00:59.332|  warn| tosser ] [0mRead Timeout.
[32m[00:00:59.335|  info| tosser ] [0mLeave Sunk( Thread = tosser_sunk02 ).
[0m[00:00:59.335|debug2| Thread ] [0mLeave Thread(ID: 19, Nick: tosser_sunk02).
[33m[00:00:59.550|  warn|        ] [0m"akae_h264utils.c:60" Condition ( "len > sizeof(_SHORT_START_CODE)" ) Failed.
[33m[00:00:59.577|  warn|        ] [0m"akae_h264utils.c:60" Condition ( "len > sizeof(_SHORT_START_CODE)" ) Failed.
[37m[00:01:03.969| debug| tosser ] [0mAccept Connection( IP = 192.168.114.184, Port = 35165 ).
[0m[00:01:03.970|debug2| Thread ] [0mCreated Thread(ID: 20, Nick: tosser_sunk02).
[0m[00:01:03.981|debug2| Thread ] [0mEnter Thread(ID: 20, Nick: tosser_sunk02).
[32m[00:01:03.982|  info| tosser ] [0mEnter Sunk( Thread = tosser_sunk02 ).
[33m[00:01:04.991|  warn| tosser ] [0mRead Timeout.
[32m[00:01:04.997|  info| tosser ] [0mLeave Sunk( Thread = tosser_sunk02 ).
[0m[00:01:04.997|debug2| Thread ] [0mLeave Thread(ID: 20, Nick: tosser_sunk02).
[37m[00:01:10.017| debug| tosser ] [0mAccept Connection( IP = 192.168.114.184, Port = 35170 ).
[0m[00:01:10.018|debug2| Thread ] [0mCreated Thread(ID: 21, Nick: tosser_sunk02).
[0m[00:01:10.039|debug2| Thread ] [0mEnter Thread(ID: 21, Nick: tosser_sunk02).
[32m[00:01:10.039|  info| tosser ] [0mEnter Sunk( Thread = tosser_sunk02 ).
[0;35m
[check_sensor_fps_switch:932] 	*** sensor fps switch 15 to 30 ***

[m[set_encode_fps:521] set 1 chnannel fps: 25
[set_encode_fps:521] set 2 chnannel fps: 25
[33m[00:01:11.041|  warn| tosser ] [0mRead Timeout.
[32m[00:01:11.043|  info| tosser ] [0mLeave Sunk( Thread = tosser_sunk02 ).
[0m[00:01:11.043|debug2| Thread ] [0mLeave Thread(ID: 21, Nick: tosser_sunk02).
[37m[00:01:16.087| debug| tosser ] [0mAccept Connection( IP = 192.168.114.184, Port = 35176 ).
[0m[00:01:16.088|debug2| Thread ] [0mCreated Thread(ID: 22, Nick: tosser_sunk02).
[0m[00:01:16.088|debug2| Thread ] [0mEnter Thread(ID: 22, Nick: tosser_sunk02).
[32m[00:01:16.089|  info| tosser ] [0mEnter Sunk( Thread = tosser_sunk02 ).
[33m[00:01:17.090|  warn| tosser ] [0mRead Timeout.
[32m[00:01:17.091|  info| tosser ] [0mLeave Sunk( Thread = tosser_sunk02 ).
[0m[00:01:17.091|debug2| Thread ] [0mLeave Thread(ID: 22, Nick: tosser_sunk02).
[33m[00:01:19.334|  warn|        ] [0m"akae_h264utils.c:60" Condition ( "len > sizeof(_SHORT_START_CODE)" ) Failed.
[33m[00:01:19.362|  warn|        ] [0m"akae_h264utils.c:60" Condition ( "len > sizeof(_SHORT_START_CODE)" ) Failed.
[37m[00:01:22.155| debug| tosser ] [0mAccept Connection( IP = 192.168.114.184, Port = 35181 ).
[0m[00:01:22.156|debug2| Thread ] [0mCreated Thread(ID: 23, Nick: tosser_sunk02).
[0m[00:01:22.175|debug2| Thread ] [0mEnter Thread(ID: 23, Nick: tosser_sunk02).
[32m[00:01:22.176|  info| tosser ] [0mEnter Sunk( Thread = tosser_sunk02 ).
[33m[00:01:23.177|  warn| tosser ] [0mRead Timeout.
[32m[00:01:23.178|  info| tosser ] [0mLeave Sunk( Thread = tosser_sunk02 ).
[0m[00:01:23.179|debug2| Thread ] [0mLeave Thread(ID: 23, Nick: tosser_sunk02).
[0;35m
[check_sensor_fps_switch:932] 	*** sensor fps switch 30 to 15 ***

[m[set_encode_fps:521] set 1 chnannel fps: 15
[set_encode_fps:521] set 2 chnannel fps: 15
[33m[00:01:25.058|  warn|        ] [0m"akae_h264utils.c:60" Condition ( "len > sizeof(_SHORT_START_CODE)" ) Failed.
[33m[00:01:25.134|  warn|        ] [0m"akae_h264utils.c:60" Condition ( "len > sizeof(_SHORT_START_CODE)" ) Failed.
[37m[00:01:28.230| debug| tosser ] [0mAccept Connection( IP = 192.168.114.184, Port = 35187 ).
[0m[00:01:28.232|debug2| Thread ] [0mCreated Thread(ID: 24, Nick: tosser_sunk02).
[0m[00:01:28.256|debug2| Thread ] [0mEnter Thread(ID: 24, Nick: tosser_sunk02).
[32m[00:01:28.256|  info| tosser ] [0mEnter Sunk( Thread = tosser_sunk02 ).
[33m[00:01:29.265|  warn| tosser ] [0mRead Timeout.
[32m[00:01:29.269|  info| tosser ] [0mLeave Sunk( Thread = tosser_sunk02 ).
[0m[00:01:29.270|debug2| Thread ] [0mLeave Thread(ID: 24, Nick: tosser_sunk02).
[37m[00:01:34.310| debug| tosser ] [0mAccept Connection( IP = 192.168.114.184, Port = 35192 ).
[0m[00:01:34.316|debug2| Thread ] [0mCreated Thread(ID: 25, Nick: tosser_sunk02).
[0m[00:01:34.325|debug2| Thread ] [0mEnter Thread(ID: 25, Nick: tosser_sunk02).
[32m[00:01:34.325|  info| tosser ] [0mEnter Sunk( Thread = tosser_sunk02 ).
[33m[00:01:35.326|  warn| tosser ] [0mRead Timeout.
[32m[00:01:35.328|  info| tosser ] [0mLeave Sunk( Thread = tosser_sunk02 ).
[0m[00:01:35.328|debug2| Thread ] [0mLeave Thread(ID: 25, Nick: tosser_sunk02).
[37m[00:01:40.408| debug| tosser ] [0mAccept Connection( IP = 192.168.114.184, Port = 35198 ).
[0m[00:01:40.409|debug2| Thread ] [0mCreated Thread(ID: 26, Nick: tosser_sunk02).
[0m[00:01:40.418|debug2| Thread ] [0mEnter Thread(ID: 26, Nick: tosser_sunk02).
[32m[00:01:40.418|  info| tosser ] [0mEnter Sunk( Thread = tosser_sunk02 ).
[33m[00:01:41.420|  warn| tosser ] [0mRead Timeout.
[32m[00:01:41.421|  info| tosser ] [0mLeave Sunk( Thread = tosser_sunk02 ).
[0m[00:01:41.422|debug2| Thread ] [0mLeave Thread(ID: 26, Nick: tosser_sunk02).
[33m[00:01:41.947|  warn|        ] [0m"akae_h264utils.c:60" Condition ( "len > sizeof(_SHORT_START_CODE)" ) Failed.
[33m[00:01:41.995|  warn|        ] [0m"akae_h264utils.c:60" Condition ( "len > sizeof(_SHORT_START_CODE)" ) Failed.
[37m[00:01:46.481| debug| tosser ] [0mAccept Connection( IP = 192.168.114.184, Port = 35203 ).
[0m[00:01:46.489|debug2| Thread ] [0mCreated Thread(ID: 27, Nick: tosser_sunk02).
[0m[00:01:46.493|debug2| Thread ] [0mEnter Thread(ID: 27, Nick: tosser_sunk02).
[32m[00:01:46.494|  info| tosser ] [0mEnter Sunk( Thread = tosser_sunk02 ).
[33m[00:01:47.495|  warn| tosser ] [0mRead Timeout.
[32m[00:01:47.497|  info| tosser ] [0mLeave Sunk( Thread = tosser_sunk02 ).
[0m[00:01:47.497|debug2| Thread ] [0mLeave Thread(ID: 27, Nick: tosser_sunk02).
>>>>>>>>>>>>>>>>>>>>
GET_PARAMETER rtsp://192.168.114.53:554/vs1 RTSP/1.0
CSeq: 8
User-Agent: SuperClient.TVT
Session: 00000002


>
>>>>>>>>>>>>>>>>>>>>
GET_PARAMETER rtsp://192.168.114.53:554/vs0 RTSP/1.0
CSeq: 8
User-Agent: SuperClient.TVT
Session: 00000003


>
<<<<<<<<<<<<<<<<<<<<
RTSP/1.0 200 OK
CSeq: 8
Session: 00000003; timeout=60


<
[37m[00:01:52.577| debug| tosser ] [0mAccept Connection( IP = 192.168.114.184, Port = 35209 ).
[0m[00:01:52.578|debug2| Thread ] [0mCreated Thread(ID: 28, Nick: tosser_sunk02).
<<<<<<<<<<<<<<<<<<<<
RTSP/1.0 200 OK
CSeq: 8
Session: 00000002; timeout=60


<
[0m[00:01:52.584|debug2| Thread ] [0mEnter Thread(ID: 28, Nick: tosser_sunk02).
[32m[00:01:52.585|  info| tosser ] [0mEnter Sunk( Thread = tosser_sunk02 ).
[33m[00:01:53.587|  warn| tosser ] [0mRead Timeout.
[32m[00:01:53.593|  info| tosser ] [0mLeave Sunk( Thread = tosser_sunk02 ).
[0m[00:01:53.595|debug2| Thread ] [0mLeave Thread(ID: 28, Nick: tosser_sunk02).
[37m[00:01:58.664| debug| tosser ] [0mAccept Connection( IP = 192.168.114.184, Port = 35214 ).
[0m[00:01:58.667|debug2| Thread ] [0mCreated Thread(ID: 29, Nick: tosser_sunk02).
[0m[00:01:58.677|debug2| Thread ] [0mEnter Thread(ID: 29, Nick: tosser_sunk02).
[32m[00:01:58.677|  info| tosser ] [0mEnter Sunk( Thread = tosser_sunk02 ).
[33m[00:01:59.679|  warn| tosser ] [0mRead Timeout.
[32m[00:01:59.683|  info| tosser ] [0mLeave Sunk( Thread = tosser_sunk02 ).
[0m[00:01:59.683|debug2| Thread ] [0mLeave Thread(ID: 29, Nick: tosser_sunk02).
[37m[00:02:04.743| debug| tosser ] [0mAccept Connection( IP = 192.168.114.184, Port = 35220 ).
[0m[00:02:04.752|debug2| Thread ] [0mCreated Thread(ID: 30, Nick: tosser_sunk02).
[0m[00:02:04.759|debug2| Thread ] [0mEnter Thread(ID: 30, Nick: tosser_sunk02).
[32m[00:02:04.760|  info| tosser ] [0mEnter Sunk( Thread = tosser_sunk02 ).
[33m[00:02:05.761|  warn| tosser ] [0mRead Timeout.
[32m[00:02:05.764|  info| tosser ] [0mLeave Sunk( Thread = tosser_sunk02 ).
[0m[00:02:05.765|debug2| Thread ] [0mLeave Thread(ID: 30, Nick: tosser_sunk02).
[37m[00:02:10.809| debug| tosser ] [0mAccept Connection( IP = 192.168.114.184, Port = 35225 ).
[0m[00:02:10.810|debug2| Thread ] [0mCreated Thread(ID: 31, Nick: tosser_sunk02).
[0m[00:02:10.821|debug2| Thread ] [0mEnter Thread(ID: 31, Nick: tosser_sunk02).
[32m[00:02:10.821|  info| tosser ] [0mEnter Sunk( Thread = tosser_sunk02 ).
[33m[00:02:11.824|  warn| tosser ] [0mRead Timeout.
[32m[00:02:11.826|  info| tosser ] [0mLeave Sunk( Thread = tosser_sunk02 ).
[0m[00:02:11.826|debug2| Thread ] [0mLeave Thread(ID: 31, Nick: tosser_sunk02).
[33m[00:02:15.760|  warn|        ] [0m"akae_h264utils.c:60" Condition ( "len > sizeof(_SHORT_START_CODE)" ) Failed.
[33m[00:02:15.805|  warn|        ] [0m"akae_h264utils.c:60" Condition ( "len > sizeof(_SHORT_START_CODE)" ) Failed.
[37m[00:02:16.861| debug| tosser ] [0mAccept Connection( IP = 192.168.114.184, Port = 35231 ).
[0m[00:02:16.862|debug2| Thread ] [0mCreated Thread(ID: 32, Nick: tosser_sunk02).
[0m[00:02:16.870|debug2| Thread ] [0mEnter Thread(ID: 32, Nick: tosser_sunk02).
[32m[00:02:16.871|  info| tosser ] [0mEnter Sunk( Thread = tosser_sunk02 ).
[33m[00:02:17.872|  warn| tosser ] [0mRead Timeout.
[32m[00:02:17.874|  info| tosser ] [0mLeave Sunk( Thread = tosser_sunk02 ).
[0m[00:02:17.874|debug2| Thread ] [0mLeave Thread(ID: 32, Nick: tosser_sunk02).
[37m[00:02:22.918| debug| tosser ] [0mAccept Connection( IP = 192.168.114.184, Port = 35236 ).
[0m[00:02:22.921|debug2| Thread ] [0mCreated Thread(ID: 33, Nick: tosser_sunk02).
[0m[00:02:22.927|debug2| Thread ] [0mEnter Thread(ID: 33, Nick: tosser_sunk02).
[32m[00:02:22.930|  info| tosser ] [0mEnter Sunk( Thread = tosser_sunk02 ).
[33m[00:02:23.932|  warn| tosser ] [0mRead Timeout.
[32m[00:02:23.933|  info| tosser ] [0mLeave Sunk( Thread = tosser_sunk02 ).
[0m[00:02:23.934|debug2| Thread ] [0mLeave Thread(ID: 33, Nick: tosser_sunk02).
[37m[00:02:28.984| debug| tosser ] [0mAccept Connection( IP = 192.168.114.184, Port = 35242 ).
[0m[00:02:28.987|debug2| Thread ] [0mCreated Thread(ID: 34, Nick: tosser_sunk02).
[0m[00:02:28.995|debug2| Thread ] [0mEnter Thread(ID: 34, Nick: tosser_sunk02).
[32m[00:02:28.995|  info| tosser ] [0mEnter Sunk( Thread = tosser_sunk02 ).
[33m[00:02:29.999|  warn| tosser ] [0mRead Timeout.
[32m[00:02:30.002|  info| tosser ] [0mLeave Sunk( Thread = tosser_sunk02 ).
[0m[00:02:30.003|debug2| Thread ] [0mLeave Thread(ID: 34, Nick: tosser_sunk02).
[37m[00:02:35.041| debug| tosser ] [0mAccept Connection( IP = 192.168.114.184, Port = 35247 ).
[0m[00:02:35.042|debug2| Thread ] [0mCreated Thread(ID: 35, Nick: tosser_sunk02).
[0m[00:02:35.052|debug2| Thread ] [0mEnter Thread(ID: 35, Nick: tosser_sunk02).
[32m[00:02:35.052|  info| tosser ] [0mEnter Sunk( Thread = tosser_sunk02 ).
[33m[00:02:36.054|  warn| tosser ] [0mRead Timeout.
[32m[00:02:36.058|  info| tosser ] [0mLeave Sunk( Thread = tosser_sunk02 ).
[0m[00:02:36.060|debug2| Thread ] [0mLeave Thread(ID: 35, Nick: tosser_sunk02).
[33m[00:02:41.086|  warn|        ] [0m"akae_h264utils.c:60" Condition ( "len > sizeof(_SHORT_START_CODE)" ) Failed.
[37m[00:02:41.107| debug| tosser ] [0mAccept Connection( IP = 192.168.114.184, Port = 35253 ).
[0m[00:02:41.108|debug2| Thread ] [0mCreated Thread(ID: 36, Nick: tosser_sunk02).
[0m[00:02:41.115|debug2| Thread ] [0mEnter Thread(ID: 36, Nick: tosser_sunk02).
[32m[00:02:41.116|  info| tosser ] [0mEnter Sunk( Thread = tosser_sunk02 ).
[33m[00:02:41.127|  warn|        ] [0m"akae_h264utils.c:60" Condition ( "len > sizeof(_SHORT_START_CODE)" ) Failed.
[33m[00:02:42.117|  warn| tosser ] [0mRead Timeout.
[32m[00:02:42.120|  info| tosser ] [0mLeave Sunk( Thread = tosser_sunk02 ).
[0m[00:02:42.120|debug2| Thread ] [0mLeave Thread(ID: 36, Nick: tosser_sunk02).
>>>>>>>>>>>>>>>>>>>>
GET_PARAMETER rtsp://192.168.114.53:554/vs1 RTSP/1.0
CSeq: 9
User-Agent: SuperClient.TVT
Session: 00000002


>
<<<<<<<<<<<<<<<<<<<<
RTSP/1.0 200 OK
CSeq: 9
Session: 00000002; timeout=60


<
>>>>>>>>>>>>>>>>>>>>
GET_PARAMETER rtsp://192.168.114.53:554/vs0 RTSP/1.0
CSeq: 9
User-Agent: SuperClient.TVT
Session: 00000003


>
<<<<<<<<<<<<<<<<<<<<
RTSP/1.0 200 OK
CSeq: 9
Session: 00000003; timeout=60


<
[37m[00:02:47.166| debug| tosser ] [0mAccept Connection( IP = 192.168.114.184, Port = 35258 ).
[0m[00:02:47.169|debug2| Thread ] [0mCreated Thread(ID: 37, Nick: tosser_sunk02).
[0m[00:02:47.187|debug2| Thread ] [0mEnter Thread(ID: 37, Nick: tosser_sunk02).
[32m[00:02:47.187|  info| tosser ] [0mEnter Sunk( Thread = tosser_sunk02 ).
[33m[00:02:48.189|  warn| tosser ] [0mRead Timeout.
[32m[00:02:48.191|  info| tosser ] [0mLeave Sunk( Thread = tosser_sunk02 ).
[0m[00:02:48.191|debug2| Thread ] [0mLeave Thread(ID: 37, Nick: tosser_sunk02).
[33m[00:02:49.560|  warn|        ] [0m"akae_h264utils.c:60" Condition ( "len > sizeof(_SHORT_START_CODE)" ) Failed.
[33m[00:02:49.615|  warn|        ] [0m"akae_h264utils.c:60" Condition ( "len > sizeof(_SHORT_START_CODE)" ) Failed.
[37m[00:02:53.232| debug| tosser ] [0mAccept Connection( IP = 192.168.114.184, Port = 35264 ).
[0m[00:02:53.234|debug2| Thread ] [0mCreated Thread(ID: 38, Nick: tosser_sunk02).
[0m[00:02:53.244|debug2| Thread ] [0mEnter Thread(ID: 38, Nick: tosser_sunk02).
[32m[00:02:53.244|  info| tosser ] [0mEnter Sunk( Thread = tosser_sunk02 ).
[33m[00:02:54.249|  warn| tosser ] [0mRead Timeout.
[32m[00:02:54.255|  info| tosser ] [0mLeave Sunk( Thread = tosser_sunk02 ).
[0m[00:02:54.255|debug2| Thread ] [0mLeave Thread(ID: 38, Nick: tosser_sunk02).
[37m[00:02:59.283| debug| tosser ] [0mAccept Connection( IP = 192.168.114.184, Port = 35269 ).
[0m[00:02:59.283|debug2| Thread ] [0mCreated Thread(ID: 39, Nick: tosser_sunk02).
[0m[00:02:59.291|debug2| Thread ] [0mEnter Thread(ID: 39, Nick: tosser_sunk02).
[32m[00:02:59.295|  info| tosser ] [0mEnter Sunk( Thread = tosser_sunk02 ).
[33m[00:03:00.297|  warn| tosser ] [0mRead Timeout.
[32m[00:03:00.303|  info| tosser ] [0mLeave Sunk( Thread = tosser_sunk02 ).
[0m[00:03:00.303|debug2| Thread ] [0mLeave Thread(ID: 39, Nick: tosser_sunk02).
[37m[00:03:05.343| debug| tosser ] [0mAccept Connection( IP = 192.168.114.184, Port = 35275 ).
[0m[00:03:05.344|debug2| Thread ] [0mCreated Thread(ID: 40, Nick: tosser_sunk02).
[0m[00:03:05.349|debug2| Thread ] [0mEnter Thread(ID: 40, Nick: tosser_sunk02).
[32m[00:03:05.350|  info| tosser ] [0mEnter Sunk( Thread = tosser_sunk02 ).
[33m[00:03:06.351|  warn| tosser ] [0mRead Timeout.
[32m[00:03:06.355|  info| tosser ] [0mLeave Sunk( Thread = tosser_sunk02 ).
[0m[00:03:06.356|debug2| Thread ] [0mLeave Thread(ID: 40, Nick: tosser_sunk02).
[33m[00:03:06.439|  warn|        ] [0m"akae_h264utils.c:60" Condition ( "len > sizeof(_SHORT_START_CODE)" ) Failed.
[33m[00:03:06.525|  warn|        ] [0m"akae_h264utils.c:60" Condition ( "len > sizeof(_SHORT_START_CODE)" ) Failed.
[37m[00:03:11.403| debug| tosser ] [0mAccept Connection( IP = 192.168.114.184, Port = 35280 ).
[0m[00:03:11.404|debug2| Thread ] [0mCreated Thread(ID: 41, Nick: tosser_sunk02).
[0m[00:03:11.413|debug2| Thread ] [0mEnter Thread(ID: 41, Nick: tosser_sunk02).
[32m[00:03:11.415|  info| tosser ] [0mEnter Sunk( Thread = tosser_sunk02 ).
[33m[00:03:12.416|  warn| tosser ] [0mRead Timeout.
[32m[00:03:12.423|  info| tosser ]